============================================================
   Tang Dynasty, V6.2.168116
   Copyright (c) 2012-2025 Anlogic Inc.
   Executable = D:/Anlogic/bin/td.exe
   Built at =   16:32:07 Jun 12 2025
   Run by =     º÷”ÓœË
   Run Date =   Sun Sep 27 13:12:55 2026

   Run on =     YUXIANGJIA
============================================================
RUN-1002 : start command "import_db D:/Anlogic/lab_ex3_osd_SC500_720P/lab_ex3_osd/td_project/camera_to_dsi_display_Runs/phy_1/camera_to_dsi_display_pr.db"
RUN-1001 : Importing database generated by Tang Dynasty, V6.2.168116.
RUN-1001 : Database version number 46207
RUN-1001 : Import flow parameters
RUN-1001 : Import netlist
RUN-1001 : Constructing routing connections ...
PHY-1001 : End build routing graph; 2.138030s wall, 5.640625s user + 0.703125s system = 6.343750s CPU (296.7%)

RUN-1001 : Import phy database
RUN-1001 : Import timing constraints
RUN-1001 : Import IO constraints
RUN-1001 : Import Inst constraints
RUN-1001 : Import ChipWatcher
RUN-1001 : Import design success TD_VERSION=6.2.168116 , DB_VERSION=46207
RUN-1003 : finish command "import_db D:/Anlogic/lab_ex3_osd_SC500_720P/lab_ex3_osd/td_project/camera_to_dsi_display_Runs/phy_1/camera_to_dsi_display_pr.db" in  4.177339s wall, 6.968750s user + 0.843750s system = 7.812500s CPU (187.0%)

RUN-1004 : used memory is 1187 MB, reserved memory is 1168 MB, peak memory is 1227 MB
