============================================================
   Tang Dynasty, V6.2.168116
   Copyright (c) 2012-2025 Anlogic Inc.
   Executable = D:/Anlogic/bin/td.exe
   Built at =   16:32:07 Jun 12 2025
   Run by =     º÷”ÓœË
   Run Date =   Sun Sep 27 11:49:30 2026

   Run on =     YUXIANGJIA
============================================================
RUN-1002 : start command "import_db D:/Anlogic/lab_ex3_osd_SC500_720P/lab_ex3_osd/td_project/camera_to_dsi_display_Runs/phy_1/camera_to_dsi_display_pr.db"
RUN-1001 : Importing database generated by Tang Dynasty, V6.2.168116.
RUN-1001 : Database version number 46207
RUN-1001 : Import flow parameters
RUN-1001 : Import netlist
RUN-1001 : Constructing routing connections ...
PHY-1001 : End build routing graph; 2.469633s wall, 5.421875s user + 0.484375s system = 5.906250s CPU (239.2%)

RUN-1001 : Import phy database
RUN-1001 : Import timing constraints
RUN-1001 : Import IO constraints
RUN-1001 : Import Inst constraints
RUN-1001 : Import ChipWatcher
RUN-1001 : Import design success TD_VERSION=6.2.168116 , DB_VERSION=46207
RUN-1003 : finish command "import_db D:/Anlogic/lab_ex3_osd_SC500_720P/lab_ex3_osd/td_project/camera_to_dsi_display_Runs/phy_1/camera_to_dsi_display_pr.db" in  4.466997s wall, 6.640625s user + 0.734375s system = 7.375000s CPU (165.1%)

RUN-1004 : used memory is 1224 MB, reserved memory is 1174 MB, peak memory is 1263 MB
