============================================================
   Tang Dynasty, V6.2.168116
   Copyright (c) 2012-2025 Anlogic Inc.
   Executable = D:/Anlogic/bin/td.exe
   Built at =   16:32:07 Jun 12 2025
   Run by =     º÷”ÓœË
   Run Date =   Sun Sep 27 15:07:19 2026

   Run on =     YUXIANGJIA
============================================================
RUN-1002 : start command "import_db D:/Anlogic/osd_SC500_720P/td_project/camera_to_dsi_display_Runs/phy_1/camera_to_dsi_display_pr.db"
RUN-1001 : Importing database generated by Tang Dynasty, V6.2.168116.
RUN-1001 : Database version number 46207
RUN-1001 : Import flow parameters
RUN-1001 : Import netlist
RUN-1001 : Constructing routing connections ...
PHY-1001 : End build routing graph; 2.165258s wall, 5.453125s user + 0.671875s system = 6.125000s CPU (282.9%)

RUN-1001 : Import phy database
RUN-1001 : Import timing constraints
RUN-1001 : Import IO constraints
RUN-1001 : Import Inst constraints
RUN-1001 : Import ChipWatcher
RUN-1001 : Import design success TD_VERSION=6.2.168116 , DB_VERSION=46207
RUN-1003 : finish command "import_db D:/Anlogic/osd_SC500_720P/td_project/camera_to_dsi_display_Runs/phy_1/camera_to_dsi_display_pr.db" in  4.181318s wall, 6.609375s user + 0.968750s system = 7.578125s CPU (181.2%)

RUN-1004 : used memory is 810 MB, reserved memory is 1170 MB, peak memory is 849 MB
