============================================================
   Tang Dynasty, V6.2.168116
   Copyright (c) 2012-2025 Anlogic Inc.
   Executable = E:/Anlogic/TD_6.2.1_Engineer_6.2.168.116/bin/td.exe
   Built at =   16:32:07 Jun 12 2025
   Run by =     Cczzzzzq
   Run Date =   Thu Sep 10 16:37:18 2026

   Run on =     LAPTOP-KO7SGOGP
============================================================
PRJ-1412 : reset_run syn_1 phy_1.
PRJ-1409 : launch_runs syn_1 phy_1  -jobs 6.
PRJ-1410 : Run syn_1 success.
PRJ-1410 : Run phy_1 success.
RUN-1002 : start command "save_best_bits"
PRJ-1424 : The implemented result of phy_1 is saved as best result.
RUN-1002 : start command "import_db C:/Users/Cczzzzzq/Desktop/anlogic_example_SC520CS/lab_ex3_osd_SC500_720P/lab_ex3_osd/td_project/camera_to_dsi_display_Runs/phy_1/camera_to_dsi_display_pr.db"
RUN-1001 : Importing database generated by Tang Dynasty, V6.2.168116.
RUN-1001 : Database version number 46207
RUN-1001 : Import flow parameters
RUN-1001 : Import netlist
RUN-1001 : Constructing routing connections ...
PHY-1001 : End build routing graph; 1.852657s wall, 5.375000s user + 0.765625s system = 6.140625s CPU (331.4%)

RUN-1001 : Import phy database
RUN-1001 : Import timing constraints
RUN-1001 : Import IO constraints
RUN-1001 : Import Inst constraints
RUN-1001 : Import ChipWatcher
RUN-1001 : Import design success TD_VERSION=6.2.168116 , DB_VERSION=46207
RUN-1003 : finish command "import_db C:/Users/Cczzzzzq/Desktop/anlogic_example_SC520CS/lab_ex3_osd_SC500_720P/lab_ex3_osd/td_project/camera_to_dsi_display_Runs/phy_1/camera_to_dsi_display_pr.db" in  3.800574s wall, 6.437500s user + 1.234375s system = 7.671875s CPU (201.9%)

RUN-1004 : used memory is 1200 MB, reserved memory is 1179 MB, peak memory is 1239 MB
